<?php return array (
  0 => 'Symfony\\Bundle\\FrameworkBundle\\Controller\\AbstractController',
  1 => 'App\\Controller\\API\\AddController',
  2 => 'App\\Controller\\API\\AdminController',
  3 => 'App\\Controller\\API\\AffiliationController',
  4 => 'App\\Controller\\API\\BoostController',
  5 => 'App\\Controller\\API\\ChatController',
  6 => 'App\\Controller\\API\\ContactController',
  7 => 'App\\Controller\\API\\DressurBotController',
  8 => 'App\\Controller\\API\\EspacePartenaireController',
  9 => 'App\\Controller\\API\\MethodePaiementController',
  10 => 'App\\Controller\\API\\NotificationController',
  11 => 'App\\Controller\\API\\PromotionController',
  12 => 'App\\Controller\\API\\PromotionReseauController',
  13 => 'App\\Controller\\API\\PurgeController',
  14 => 'App\\Controller\\API\\SignalementController',
  15 => 'App\\Controller\\API\\StoryController',
  16 => 'App\\Controller\\API\\TutoController',
  17 => 'App\\Controller\\API\\UserController',
  18 => 'App\\Controller\\API\\UserPreferenceController',
  19 => 'App\\Controller\\API\\VendeurController',
  20 => 'App\\Controller\\API\\WebhookController',
  21 => 'App\\Controller\\API\\ZefameController',
  22 => 'App\\Controller\\ConfirmMailController',
  23 => 'App\\Controller\\ConfirmTelController',
  24 => 'App\\Controller\\Crud\\CommunicationMailController',
  25 => 'App\\Controller\\Crud\\CrudBoostController',
  26 => 'App\\Controller\\Crud\\CrudDeletedDSController',
  27 => 'App\\Controller\\Crud\\CrudEnvController',
  28 => 'App\\Controller\\Crud\\CrudEnvMailSenderController',
  29 => 'App\\Controller\\Crud\\CrudEnvPaiementApiController',
  30 => 'App\\Controller\\Crud\\CrudFormuleBoostController',
  31 => 'App\\Controller\\Crud\\CrudFormuleDressurBotController',
  32 => 'App\\Controller\\Crud\\CrudFormulePromoAffaireController',
  33 => 'App\\Controller\\Crud\\CrudFormulePromoReseauController',
  34 => 'App\\Controller\\Crud\\CrudMethodePaiementController',
  35 => 'App\\Controller\\Crud\\CrudMotRefuserController',
  36 => 'App\\Controller\\Crud\\CrudPromoReseauController',
  37 => 'App\\Controller\\Crud\\CrudPromotionController',
  38 => 'App\\Controller\\Crud\\CrudSignalementController',
  39 => 'App\\Controller\\Crud\\CrudStoryController',
  40 => 'App\\Controller\\Crud\\CrudSuggestionController',
  41 => 'App\\Controller\\Crud\\CrudTransactionController',
  42 => 'App\\Controller\\Crud\\CrudUserBotController',
  43 => 'App\\Controller\\Crud\\CrudUserController',
  44 => 'App\\Controller\\Crud\\TutoController',
  45 => 'App\\Controller\\HistoriqueProgrammeRecompenseController',
  46 => 'App\\Controller\\PreuveController',
  47 => 'App\\Controller\\PrivateController',
  48 => 'App\\Controller\\PublicController',
  49 => 'App\\Entity\\AffiliationUsed',
  50 => 'App\\Entity\\Boost',
  51 => 'App\\Entity\\ChatMessage',
  52 => 'App\\Entity\\Contact',
  53 => 'App\\Entity\\DeletedDS',
  54 => 'App\\Entity\\Env',
  55 => 'App\\Entity\\EnvMailSender',
  56 => 'App\\Entity\\EnvPaiementApi',
  57 => 'App\\Entity\\FileAttenteProspectMail',
  58 => 'App\\Entity\\FileAttenteWhatsapp',
  59 => 'App\\Entity\\FormuleBoost',
  60 => 'App\\Entity\\FormuleDressurBot',
  61 => 'App\\Entity\\FormulePromoAffaire',
  62 => 'App\\Entity\\FormulePromoReseau',
  63 => 'App\\Entity\\HistoriqueProgrammeRecompense',
  64 => 'App\\Entity\\LogBoiteMail',
  65 => 'App\\Entity\\MailProspect',
  66 => 'App\\Entity\\Message',
  67 => 'App\\Entity\\MethodePaiement',
  68 => 'App\\Entity\\MotRefuser',
  69 => 'App\\Entity\\Notification',
  70 => 'App\\Entity\\Preference',
  71 => 'App\\Entity\\Preuve',
  72 => 'App\\Entity\\PromoReseau',
  73 => 'App\\Entity\\Promotion',
  74 => 'App\\Entity\\PromotionMotifRefus',
  75 => 'App\\Entity\\Signalement',
  76 => 'App\\Entity\\Story',
  77 => 'App\\Entity\\Suggestion',
  78 => 'App\\Entity\\Transaction',
  79 => 'App\\Entity\\Tuto',
  80 => 'App\\Entity\\User',
  81 => 'App\\Entity\\UserBot',
  82 => 'App\\Entity\\VerifMail',
  83 => 'Doctrine\\Bundle\\DoctrineBundle\\Controller\\ProfilerController',
  84 => 'Doctrine\\ORM\\Cache\\Persister\\Entity\\AbstractEntityPersister',
  85 => 'Doctrine\\ORM\\Cache\\Persister\\Entity\\CachedEntityPersister',
  86 => 'Doctrine\\ORM\\Cache\\Persister\\Entity\\NonStrictReadWriteCachedEntityPersister',
  87 => 'Doctrine\\ORM\\Cache\\Persister\\Entity\\ReadOnlyCachedEntityPersister',
  88 => 'Doctrine\\ORM\\Cache\\Persister\\Entity\\ReadWriteCachedEntityPersister',
  89 => 'Doctrine\\ORM\\Persisters\\Entity\\AbstractEntityInheritancePersister',
  90 => 'Doctrine\\ORM\\Persisters\\Entity\\BasicEntityPersister',
  91 => 'Doctrine\\ORM\\Persisters\\Entity\\CachedPersisterContext',
  92 => 'Doctrine\\ORM\\Persisters\\Entity\\EntityPersister',
  93 => 'Doctrine\\ORM\\Persisters\\Entity\\JoinedSubclassPersister',
  94 => 'Doctrine\\ORM\\Persisters\\Entity\\SingleTablePersister',
  96 => 'Symfony\\Bundle\\FrameworkBundle\\Controller\\ControllerResolver',
  97 => 'Symfony\\Bundle\\FrameworkBundle\\Controller\\RedirectController',
  98 => 'Symfony\\Bundle\\FrameworkBundle\\Controller\\TemplateController',
  99 => 'Symfony\\Bundle\\WebProfilerBundle\\Controller\\ExceptionPanelController',
  100 => 'Symfony\\Bundle\\WebProfilerBundle\\Controller\\ProfilerController',
  101 => 'Symfony\\Bundle\\WebProfilerBundle\\Controller\\RouterController',
  102 => 'Symfony\\Component\\HttpKernel\\Controller\\ArgumentResolver',
  103 => 'Symfony\\Component\\HttpKernel\\Controller\\ArgumentResolverInterface',
  104 => 'Symfony\\Component\\HttpKernel\\Controller\\ArgumentResolver\\BackedEnumValueResolver',
  105 => 'Symfony\\Component\\HttpKernel\\Controller\\ArgumentResolver\\DateTimeValueResolver',
  106 => 'Symfony\\Component\\HttpKernel\\Controller\\ArgumentResolver\\DefaultValueResolver',
  107 => 'Symfony\\Component\\HttpKernel\\Controller\\ArgumentResolver\\NotTaggedControllerValueResolver',
  108 => 'Symfony\\Component\\HttpKernel\\Controller\\ArgumentResolver\\RequestAttributeValueResolver',
  109 => 'Symfony\\Component\\HttpKernel\\Controller\\ArgumentResolver\\RequestValueResolver',
  110 => 'Symfony\\Component\\HttpKernel\\Controller\\ArgumentResolver\\ServiceValueResolver',
  111 => 'Symfony\\Component\\HttpKernel\\Controller\\ArgumentResolver\\SessionValueResolver',
  112 => 'Symfony\\Component\\HttpKernel\\Controller\\ArgumentResolver\\TraceableValueResolver',
  113 => 'Symfony\\Component\\HttpKernel\\Controller\\ArgumentResolver\\UidValueResolver',
  114 => 'Symfony\\Component\\HttpKernel\\Controller\\ArgumentResolver\\VariadicValueResolver',
  115 => 'Symfony\\Component\\HttpKernel\\Controller\\ArgumentValueResolverInterface',
  116 => 'Symfony\\Component\\HttpKernel\\Controller\\ContainerControllerResolver',
  117 => 'Symfony\\Component\\HttpKernel\\Controller\\ControllerReference',
  118 => 'Symfony\\Component\\HttpKernel\\Controller\\ControllerResolver',
  119 => 'Symfony\\Component\\HttpKernel\\Controller\\ControllerResolverInterface',
  120 => 'Symfony\\Component\\HttpKernel\\Controller\\ErrorController',
  121 => 'Symfony\\Component\\HttpKernel\\Controller\\TraceableArgumentResolver',
  122 => 'Symfony\\Component\\HttpKernel\\Controller\\TraceableControllerResolver',
  123 => 'Symfony\\Component\\Security\\Http\\Controller\\UserValueResolver',
);